[
  {
    "text": "Schedule a meeting with John tomorrow at 3pm",
    "expectedIntent": "create_event",
    "expectedSlots": {
      "title": "meeting with John",
      "date": "tomorrow",
      "time": "3pm",
      "attendees": [
        "John"
      ]
    },
    "category": "standard"
  },
  {
    "text": "Add team standup to my calendar for Monday at 10am",
    "expectedIntent": "create_event",
    "expectedSlots": {
      "title": "team standup",
      "date": "Monday",
      "time": "10am"
    },
    "category": "standard"
  },
  {
    "text": "Book conference room for project review next Friday 2-4pm",
    "expectedIntent": "create_event",
    "expectedSlots": {
      "title": "project review",
      "date": "next Friday",
      "time": "2-4pm",
      "location": "conference room"
    },
    "category": "standard"
  },
  {
    "text": "Set up a call with Sarah at 11:30 tomorrow morning",
    "expectedIntent": "create_event",
    "expectedSlots": {
      "title": "call with Sarah",
      "date": "tomorrow",
      "time": "11:30 morning",
      "attendees": [
        "Sarah"
      ]
    },
    "category": "standard"
  },
  {
    "text": "Create an appointment for dentist on March 15th at 2:30",
    "expectedIntent": "create_event",
    "expectedSlots": {
      "title": "dentist appointment",
      "date": "March 15th",
      "time": "2:30"
    },
    "category": "standard"
  },
  {
    "text": "Schedule recurring weekly team sync every Tuesday at 9am starting next week",
    "expectedIntent": "create_event",
    "expectedSlots": {
      "title": "team sync",
      "recurring": "weekly",
      "day": "Tuesday",
      "time": "9am",
      "startDate": "next week"
    },
    "category": "complex"
  },
  {
    "text": "Plan lunch with Mike and Jessica at Italian restaurant downtown tomorrow noon",
    "expectedIntent": "create_event",
    "expectedSlots": {
      "title": "lunch with Mike and Jessica",
      "date": "tomorrow",
      "time": "noon",
      "location": "Italian restaurant downtown",
      "attendees": [
        "Mike",
        "Jessica"
      ]
    },
    "category": "complex"
  },
  {
    "text": "Remind me to call mom in 2 hours",
    "expectedIntent": "add_reminder",
    "expectedSlots": {
      "task": "call mom",
      "duration": "2 hours"
    },
    "category": "standard"
  },
  {
    "text": "Set a reminder to take medicine at 8pm",
    "expectedIntent": "add_reminder",
    "expectedSlots": {
      "task": "take medicine",
      "time": "8pm"
    },
    "category": "standard"
  },
  {
    "text": "Alert me to submit the report by Friday",
    "expectedIntent": "add_reminder",
    "expectedSlots": {
      "task": "submit the report",
      "deadline": "Friday"
    },
    "category": "standard"
  },
  {
    "text": "Don't let me forget to buy milk on the way home",
    "expectedIntent": "add_reminder",
    "expectedSlots": {
      "task": "buy milk",
      "when": "on the way home"
    },
    "category": "standard"
  },
  {
    "text": "Ping me about the deadline tomorrow morning",
    "expectedIntent": "add_reminder",
    "expectedSlots": {
      "task": "deadline",
      "date": "tomorrow",
      "time": "morning"
    },
    "category": "standard"
  },
  {
    "text": "Remind me every day at 9am to check emails",
    "expectedIntent": "add_reminder",
    "expectedSlots": {
      "task": "check emails",
      "recurring": "daily",
      "time": "9am"
    },
    "category": "complex"
  },
  {
    "text": "Make a note about the new product idea",
    "expectedIntent": "create_note",
    "expectedSlots": {
      "content": "new product idea"
    },
    "category": "standard"
  },
  {
    "text": "Write down that the wifi password is abc123",
    "expectedIntent": "create_note",
    "expectedSlots": {
      "content": "wifi password is abc123"
    },
    "category": "standard"
  },
  {
    "text": "Save this thought: need to refactor the authentication module",
    "expectedIntent": "create_note",
    "expectedSlots": {
      "content": "need to refactor the authentication module"
    },
    "category": "standard"
  },
  {
    "text": "Jot down meeting notes from today's standup",
    "expectedIntent": "create_note",
    "expectedSlots": {
      "title": "meeting notes",
      "context": "today's standup"
    },
    "category": "standard"
  },
  {
    "text": "Record that client wants blue color scheme",
    "expectedIntent": "create_note",
    "expectedSlots": {
      "content": "client wants blue color scheme"
    },
    "category": "standard"
  },
  {
    "text": "Check my emails from Alice",
    "expectedIntent": "read_email",
    "expectedSlots": {
      "sender": "Alice"
    },
    "category": "standard"
  },
  {
    "text": "Show me unread messages",
    "expectedIntent": "read_email",
    "expectedSlots": {
      "filter": "unread"
    },
    "category": "standard"
  },
  {
    "text": "Do I have any emails from the boss?",
    "expectedIntent": "read_email",
    "expectedSlots": {
      "sender": "boss"
    },
    "category": "standard"
  },
  {
    "text": "Read emails about the project update",
    "expectedIntent": "read_email",
    "expectedSlots": {
      "subject": "project update"
    },
    "category": "standard"
  },
  {
    "text": "What emails came in today?",
    "expectedIntent": "read_email",
    "expectedSlots": {
      "timeframe": "today"
    },
    "category": "standard"
  },
  {
    "text": "Send an email to the team about the launch",
    "expectedIntent": "send_email",
    "expectedSlots": {
      "recipient": "team",
      "subject": "launch"
    },
    "category": "standard"
  },
  {
    "text": "Email John saying I'll be late to the meeting",
    "expectedIntent": "send_email",
    "expectedSlots": {
      "recipient": "John",
      "content": "I'll be late to the meeting"
    },
    "category": "standard"
  },
  {
    "text": "Reply to Sarah's message with approval",
    "expectedIntent": "send_email",
    "expectedSlots": {
      "recipient": "Sarah",
      "action": "reply",
      "content": "approval"
    },
    "category": "standard"
  },
  {
    "text": "Forward the report to management",
    "expectedIntent": "send_email",
    "expectedSlots": {
      "action": "forward",
      "content": "report",
      "recipient": "management"
    },
    "category": "standard"
  },
  {
    "text": "Compose a message to HR about vacation request",
    "expectedIntent": "send_email",
    "expectedSlots": {
      "recipient": "HR",
      "subject": "vacation request"
    },
    "category": "standard"
  },
  {
    "text": "Meeting tomorrow at 3",
    "expectedIntent": "create_event",
    "expectedSlots": {
      "title": "Meeting",
      "date": "tomorrow",
      "time": "3"
    },
    "category": "ambiguous"
  },
  {
    "text": "Don't forget the presentation next week",
    "expectedIntent": "add_reminder",
    "expectedSlots": {
      "task": "presentation",
      "date": "next week"
    },
    "category": "ambiguous"
  },
  {
    "text": "Schdule a meting with Jon tomorow",
    "expectedIntent": "create_event",
    "expectedSlots": {
      "title": "meting with Jon",
      "date": "tomorow"
    },
    "category": "edge_case"
  },
  {
    "text": "remnd me 2 call",
    "expectedIntent": "add_reminder",
    "expectedSlots": {
      "task": "call"
    },
    "category": "edge_case"
  },
  {
    "text": "meeting 3pm",
    "expectedIntent": "create_event",
    "expectedSlots": {
      "title": "meeting",
      "time": "3pm"
    },
    "category": "edge_case"
  },
  {
    "text": "note: important",
    "expectedIntent": "create_note",
    "expectedSlots": {
      "content": "important"
    },
    "category": "edge_case"
  },
  {
    "text": "I need to remember to schedule a meeting with the team about the project but first check if John sent that email",
    "expectedIntent": "add_reminder",
    "expectedSlots": {
      "task": "schedule a meeting with the team about the project"
    },
    "category": "complex"
  },
  {
    "text": "What's the weather like?",
    "expectedIntent": "unknown",
    "category": "edge_case"
  },
  {
    "text": "Hello there",
    "expectedIntent": "unknown",
    "category": "edge_case"
  }
]